
running 1 test
test world::animation::tests::test_animation_events ... ok

test result: ok. 1 passed; 0 failed; 0 ignored; 0 measured; 27 filtered out; finished in 0.00s

